F/usr/local/bundle/gems/actionpack-7.1.6/lib/action_controller/metal/rendering.rb:207: warning: Status code :unprocessable_entity is deprecated and will be removed in a future version of Rack. Please use :unprocessable_content instead.
F/usr/local/bundle/gems/actionpack-7.1.6/lib/action_controller/metal/rendering.rb:207: warning: Status code :unprocessable_entity is deprecated and will be removed in a future version of Rack. Please use :unprocessable_content instead.
FF

Failures:

  1) Sessions POST /login 正しい情報の場合 ログインに成功する
     Failure/Error:
       post login_path, params: {
         email: user.email,
         password: "password"
       }

     ArgumentError:
       unknown keyword: quirks_mode
     # /usr/local/bundle/gems/json-3.0.2/lib/json/common.rb:382:in `generate'
     # /usr/local/bundle/gems/json-3.0.2/lib/json/common.rb:382:in `generate'
     # /usr/local/bundle/gems/activesupport-7.1.6/lib/active_support/json/encoding.rb:92:in `stringify'
     # /usr/local/bundle/gems/activesupport-7.1.6/lib/active_support/json/encoding.rb:41:in `encode'
     # /usr/local/bundle/gems/activesupport-7.1.6/lib/active_support/json/encoding.rb:23:in `encode'
     # /usr/local/bundle/gems/activesupport-7.1.6/lib/active_support/messages/serializer_with_fallback.rb:87:in `dump'
     # /usr/local/bundle/gems/actionpack-7.1.6/lib/action_dispatch/middleware/cookies.rb:592:in `commit'
     # /usr/local/bundle/gems/actionpack-7.1.6/lib/action_dispatch/middleware/cookies.rb:677:in `commit'
     # /usr/local/bundle/gems/actionpack-7.1.6/lib/action_dispatch/middleware/cookies.rb:515:in `[]='
     # /usr/local/bundle/gems/actionpack-7.1.6/lib/action_dispatch/middleware/session/cookie_store.rb:116:in `set_cookie'
     # /usr/local/bundle/gems/rack-session-2.1.2/lib/rack/session/abstract/id.rb:411:in `commit_session'
     # /usr/local/bundle/gems/actionpack-7.1.6/lib/action_dispatch/middleware/session/abstract_store.rb:72:in `commit_session'
     # /usr/local/bundle/gems/rack-session-2.1.2/lib/rack/session/abstract/id.rb:276:in `context'
     # /usr/local/bundle/gems/rack-session-2.1.2/lib/rack/session/abstract/id.rb:268:in `call'
     # /usr/local/bundle/gems/actionpack-7.1.6/lib/action_dispatch/middleware/cookies.rb:689:in `call'
     # /usr/local/bundle/gems/actionpack-7.1.6/lib/action_dispatch/middleware/callbacks.rb:29:in `block in call'
     # /usr/local/bundle/gems/activesupport-7.1.6/lib/active_support/callbacks.rb:101:in `run_callbacks'
     # /usr/local/bundle/gems/actionpack-7.1.6/lib/action_dispatch/middleware/callbacks.rb:28:in `call'
     # /usr/local/bundle/gems/actionpack-7.1.6/lib/action_dispatch/middleware/actionable_exceptions.rb:16:in `call'
     # /usr/local/bundle/gems/actionpack-7.1.6/lib/action_dispatch/middleware/debug_exceptions.rb:29:in `call'
     # /usr/local/bundle/gems/actionpack-7.1.6/lib/action_dispatch/middleware/show_exceptions.rb:31:in `call'
     # /usr/local/bundle/gems/railties-7.1.6/lib/rails/rack/logger.rb:37:in `call_app'
     # /usr/local/bundle/gems/railties-7.1.6/lib/rails/rack/logger.rb:24:in `block in call'
     # /usr/local/bundle/gems/activesupport-7.1.6/lib/active_support/tagged_logging.rb:139:in `block in tagged'
     # /usr/local/bundle/gems/activesupport-7.1.6/lib/active_support/tagged_logging.rb:39:in `tagged'
     # /usr/local/bundle/gems/activesupport-7.1.6/lib/active_support/tagged_logging.rb:139:in `tagged'
     # /usr/local/bundle/gems/activesupport-7.1.6/lib/active_support/broadcast_logger.rb:241:in `method_missing'
     # /usr/local/bundle/gems/railties-7.1.6/lib/rails/rack/logger.rb:24:in `call'
     # /usr/local/bundle/gems/actionpack-7.1.6/lib/action_dispatch/middleware/remote_ip.rb:92:in `call'
     # /usr/local/bundle/gems/actionpack-7.1.6/lib/action_dispatch/middleware/request_id.rb:28:in `call'
     # /usr/local/bundle/gems/rack-3.2.7/lib/rack/method_override.rb:28:in `call'
     # /usr/local/bundle/gems/rack-3.2.7/lib/rack/runtime.rb:24:in `call'
     # /usr/local/bundle/gems/activesupport-7.1.6/lib/active_support/cache/strategy/local_cache_middleware.rb:29:in `call'
     # /usr/local/bundle/gems/actionpack-7.1.6/lib/action_dispatch/middleware/executor.rb:14:in `call'
     # /usr/local/bundle/gems/actionpack-7.1.6/lib/action_dispatch/middleware/static.rb:25:in `call'
     # /usr/local/bundle/gems/rack-3.2.7/lib/rack/sendfile.rb:131:in `call'
     # /usr/local/bundle/gems/railties-7.1.6/lib/rails/engine.rb:536:in `call'
     # /usr/local/bundle/gems/rack-test-2.2.0/lib/rack/test.rb:360:in `process_request'
     # /usr/local/bundle/gems/rack-test-2.2.0/lib/rack/test.rb:153:in `request'
     # /usr/local/bundle/gems/actionpack-7.1.6/lib/action_dispatch/testing/integration.rb:288:in `process'
     # /usr/local/bundle/gems/actionpack-7.1.6/lib/action_dispatch/testing/integration.rb:22:in `post'
     # /usr/local/bundle/gems/actionpack-7.1.6/lib/action_dispatch/testing/integration.rb:379:in `post'
     # ./spec/requests/sessions_spec.rb:16:in `block (4 levels) in <top (required)>'
     # /usr/local/bundle/gems/rspec-core-3.13.6/lib/rspec/core/example.rb:263:in `instance_exec'
     # /usr/local/bundle/gems/rspec-core-3.13.6/lib/rspec/core/example.rb:263:in `block in run'
     # /usr/local/bundle/gems/rspec-core-3.13.6/lib/rspec/core/example.rb:511:in `block in with_around_and_singleton_context_hooks'
     # /usr/local/bundle/gems/rspec-core-3.13.6/lib/rspec/core/example.rb:468:in `block in with_around_example_hooks'
     # /usr/local/bundle/gems/rspec-core-3.13.6/lib/rspec/core/hooks.rb:486:in `block in run'
     # /usr/local/bundle/gems/rspec-core-3.13.6/lib/rspec/core/hooks.rb:626:in `block in run_around_example_hooks_for'
     # /usr/local/bundle/gems/rspec-core-3.13.6/lib/rspec/core/example.rb:352:in `call'
     # /usr/local/bundle/gems/rspec-rails-7.1.1/lib/rspec/rails/adapters.rb:75:in `block (2 levels) in <module:MinitestLifecycleAdapter>'
     # /usr/local/bundle/gems/rspec-core-3.13.6/lib/rspec/core/example.rb:457:in `instance_exec'
     # /usr/local/bundle/gems/rspec-core-3.13.6/lib/rspec/core/example.rb:457:in `instance_exec'
     # /usr/local/bundle/gems/rspec-core-3.13.6/lib/rspec/core/hooks.rb:390:in `execute_with'
     # /usr/local/bundle/gems/rspec-core-3.13.6/lib/rspec/core/hooks.rb:628:in `block (2 levels) in run_around_example_hooks_for'
     # /usr/local/bundle/gems/rspec-core-3.13.6/lib/rspec/core/example.rb:352:in `call'
     # ./spec/support/database_cleaner.rb:9:in `block (3 levels) in <main>'
     # /usr/local/bundle/gems/database_cleaner-core-2.1.0/lib/database_cleaner/strategy.rb:30:in `cleaning'
     # /usr/local/lib/ruby/3.2.0/forwardable.rb:240:in `cleaning'
     # /usr/local/bundle/gems/database_cleaner-core-2.1.0/lib/database_cleaner/cleaners.rb:53:in `block (2 levels) in cleaning'
     # /usr/local/bundle/gems/database_cleaner-core-2.1.0/lib/database_cleaner/cleaners.rb:54:in `cleaning'
     # /usr/local/lib/ruby/3.2.0/forwardable.rb:240:in `cleaning'
     # ./spec/support/database_cleaner.rb:8:in `block (2 levels) in <main>'
     # /usr/local/bundle/gems/rspec-core-3.13.6/lib/rspec/core/example.rb:457:in `instance_exec'
     # /usr/local/bundle/gems/rspec-core-3.13.6/lib/rspec/core/example.rb:457:in `instance_exec'
     # /usr/local/bundle/gems/rspec-core-3.13.6/lib/rspec/core/hooks.rb:390:in `execute_with'
     # /usr/local/bundle/gems/rspec-core-3.13.6/lib/rspec/core/hooks.rb:628:in `block (2 levels) in run_around_example_hooks_for'
     # /usr/local/bundle/gems/rspec-core-3.13.6/lib/rspec/core/example.rb:352:in `call'
     # /usr/local/bundle/gems/rspec-core-3.13.6/lib/rspec/core/hooks.rb:629:in `run_around_example_hooks_for'
     # /usr/local/bundle/gems/rspec-core-3.13.6/lib/rspec/core/hooks.rb:486:in `run'
     # /usr/local/bundle/gems/rspec-core-3.13.6/lib/rspec/core/example.rb:468:in `with_around_example_hooks'
     # /usr/local/bundle/gems/rspec-core-3.13.6/lib/rspec/core/example.rb:511:in `with_around_and_singleton_context_hooks'
     # /usr/local/bundle/gems/rspec-core-3.13.6/lib/rspec/core/example.rb:259:in `run'
     # /usr/local/bundle/gems/rspec-core-3.13.6/lib/rspec/core/example_group.rb:653:in `block in run_examples'
     # /usr/local/bundle/gems/rspec-core-3.13.6/lib/rspec/core/example_group.rb:649:in `map'
     # /usr/local/bundle/gems/rspec-core-3.13.6/lib/rspec/core/example_group.rb:649:in `run_examples'
     # /usr/local/bundle/gems/rspec-core-3.13.6/lib/rspec/core/example_group.rb:614:in `run'
     # /usr/local/bundle/gems/rspec-core-3.13.6/lib/rspec/core/example_group.rb:615:in `block in run'
     # /usr/local/bundle/gems/rspec-core-3.13.6/lib/rspec/core/example_group.rb:615:in `map'
     # /usr/local/bundle/gems/rspec-core-3.13.6/lib/rspec/core/example_group.rb:615:in `run'
     # /usr/local/bundle/gems/rspec-core-3.13.6/lib/rspec/core/example_group.rb:615:in `block in run'
     # /usr/local/bundle/gems/rspec-core-3.13.6/lib/rspec/core/example_group.rb:615:in `map'
     # /usr/local/bundle/gems/rspec-core-3.13.6/lib/rspec/core/example_group.rb:615:in `run'
     # /usr/local/bundle/gems/rspec-core-3.13.6/lib/rspec/core/runner.rb:121:in `block (3 levels) in run_specs'
     # /usr/local/bundle/gems/rspec-core-3.13.6/lib/rspec/core/runner.rb:121:in `map'
     # /usr/local/bundle/gems/rspec-core-3.13.6/lib/rspec/core/runner.rb:121:in `block (2 levels) in run_specs'
     # /usr/local/bundle/gems/rspec-core-3.13.6/lib/rspec/core/configuration.rb:2097:in `with_suite_hooks'
     # /usr/local/bundle/gems/rspec-core-3.13.6/lib/rspec/core/runner.rb:116:in `block in run_specs'
     # /usr/local/bundle/gems/rspec-core-3.13.6/lib/rspec/core/reporter.rb:74:in `report'
     # /usr/local/bundle/gems/rspec-core-3.13.6/lib/rspec/core/runner.rb:115:in `run_specs'
     # /usr/local/bundle/gems/rspec-core-3.13.6/lib/rspec/core/runner.rb:89:in `run'
     # /usr/local/bundle/gems/rspec-core-3.13.6/lib/rspec/core/runner.rb:71:in `run'
     # /usr/local/bundle/gems/rspec-core-3.13.6/lib/rspec/core/runner.rb:45:in `invoke'
     # /usr/local/bundle/gems/rspec-core-3.13.6/exe/rspec:4:in `<top (required)>'
     # /usr/local/bundle/bin/rspec:25:in `load'
     # /usr/local/bundle/bin/rspec:25:in `<top (required)>'
     # /usr/local/lib/ruby/3.2.0/bundler/cli/exec.rb:58:in `load'
     # /usr/local/lib/ruby/3.2.0/bundler/cli/exec.rb:58:in `kernel_load'
     # /usr/local/lib/ruby/3.2.0/bundler/cli/exec.rb:23:in `run'
     # /usr/local/lib/ruby/3.2.0/bundler/cli.rb:492:in `exec'
     # /usr/local/lib/ruby/3.2.0/bundler/vendor/thor/lib/thor/command.rb:27:in `run'
     # /usr/local/lib/ruby/3.2.0/bundler/vendor/thor/lib/thor/invocation.rb:127:in `invoke_command'
     # /usr/local/lib/ruby/3.2.0/bundler/vendor/thor/lib/thor.rb:392:in `dispatch'
     # /usr/local/lib/ruby/3.2.0/bundler/cli.rb:34:in `dispatch'
     # /usr/local/lib/ruby/3.2.0/bundler/vendor/thor/lib/thor/base.rb:485:in `start'
     # /usr/local/lib/ruby/3.2.0/bundler/cli.rb:28:in `start'
     # /usr/local/lib/ruby/gems/3.2.0/gems/bundler-2.4.19/libexec/bundle:37:in `block in <top (required)>'
     # /usr/local/lib/ruby/3.2.0/bundler/friendly_errors.rb:117:in `with_friendly_errors'
     # /usr/local/lib/ruby/gems/3.2.0/gems/bundler-2.4.19/libexec/bundle:29:in `<top (required)>'
     # /usr/local/bin/bundle:25:in `load'
     # /usr/local/bin/bundle:25:in `<main>'

  2) Sessions POST /login パスワードが間違っている場合 ログインに失敗する
     Failure/Error:
       post login_path, params: {
         email: user.email,
         password: "wrong_password"
       }

     ArgumentError:
       unknown keyword: quirks_mode
     # /usr/local/bundle/gems/json-3.0.2/lib/json/common.rb:382:in `generate'
     # /usr/local/bundle/gems/json-3.0.2/lib/json/common.rb:382:in `generate'
     # /usr/local/bundle/gems/activesupport-7.1.6/lib/active_support/json/encoding.rb:92:in `stringify'
     # /usr/local/bundle/gems/activesupport-7.1.6/lib/active_support/json/encoding.rb:41:in `encode'
     # /usr/local/bundle/gems/activesupport-7.1.6/lib/active_support/json/encoding.rb:23:in `encode'
     # /usr/local/bundle/gems/activesupport-7.1.6/lib/active_support/messages/serializer_with_fallback.rb:87:in `dump'
     # /usr/local/bundle/gems/actionpack-7.1.6/lib/action_dispatch/middleware/cookies.rb:592:in `commit'
     # /usr/local/bundle/gems/actionpack-7.1.6/lib/action_dispatch/middleware/cookies.rb:677:in `commit'
     # /usr/local/bundle/gems/actionpack-7.1.6/lib/action_dispatch/middleware/cookies.rb:515:in `[]='
     # /usr/local/bundle/gems/actionpack-7.1.6/lib/action_dispatch/middleware/session/cookie_store.rb:116:in `set_cookie'
     # /usr/local/bundle/gems/rack-session-2.1.2/lib/rack/session/abstract/id.rb:411:in `commit_session'
     # /usr/local/bundle/gems/actionpack-7.1.6/lib/action_dispatch/middleware/session/abstract_store.rb:72:in `commit_session'
     # /usr/local/bundle/gems/rack-session-2.1.2/lib/rack/session/abstract/id.rb:276:in `context'
     # /usr/local/bundle/gems/rack-session-2.1.2/lib/rack/session/abstract/id.rb:268:in `call'
     # /usr/local/bundle/gems/actionpack-7.1.6/lib/action_dispatch/middleware/cookies.rb:689:in `call'
     # /usr/local/bundle/gems/actionpack-7.1.6/lib/action_dispatch/middleware/callbacks.rb:29:in `block in call'
     # /usr/local/bundle/gems/activesupport-7.1.6/lib/active_support/callbacks.rb:101:in `run_callbacks'
     # /usr/local/bundle/gems/actionpack-7.1.6/lib/action_dispatch/middleware/callbacks.rb:28:in `call'
     # /usr/local/bundle/gems/actionpack-7.1.6/lib/action_dispatch/middleware/actionable_exceptions.rb:16:in `call'
     # /usr/local/bundle/gems/actionpack-7.1.6/lib/action_dispatch/middleware/debug_exceptions.rb:29:in `call'
     # /usr/local/bundle/gems/actionpack-7.1.6/lib/action_dispatch/middleware/show_exceptions.rb:31:in `call'
     # /usr/local/bundle/gems/railties-7.1.6/lib/rails/rack/logger.rb:37:in `call_app'
     # /usr/local/bundle/gems/railties-7.1.6/lib/rails/rack/logger.rb:24:in `block in call'
     # /usr/local/bundle/gems/activesupport-7.1.6/lib/active_support/tagged_logging.rb:139:in `block in tagged'
     # /usr/local/bundle/gems/activesupport-7.1.6/lib/active_support/tagged_logging.rb:39:in `tagged'
     # /usr/local/bundle/gems/activesupport-7.1.6/lib/active_support/tagged_logging.rb:139:in `tagged'
     # /usr/local/bundle/gems/activesupport-7.1.6/lib/active_support/broadcast_logger.rb:241:in `method_missing'
     # /usr/local/bundle/gems/railties-7.1.6/lib/rails/rack/logger.rb:24:in `call'
     # /usr/local/bundle/gems/actionpack-7.1.6/lib/action_dispatch/middleware/remote_ip.rb:92:in `call'
     # /usr/local/bundle/gems/actionpack-7.1.6/lib/action_dispatch/middleware/request_id.rb:28:in `call'
     # /usr/local/bundle/gems/rack-3.2.7/lib/rack/method_override.rb:28:in `call'
     # /usr/local/bundle/gems/rack-3.2.7/lib/rack/runtime.rb:24:in `call'
     # /usr/local/bundle/gems/activesupport-7.1.6/lib/active_support/cache/strategy/local_cache_middleware.rb:29:in `call'
     # /usr/local/bundle/gems/actionpack-7.1.6/lib/action_dispatch/middleware/executor.rb:14:in `call'
     # /usr/local/bundle/gems/actionpack-7.1.6/lib/action_dispatch/middleware/static.rb:25:in `call'
     # /usr/local/bundle/gems/rack-3.2.7/lib/rack/sendfile.rb:131:in `call'
     # /usr/local/bundle/gems/railties-7.1.6/lib/rails/engine.rb:536:in `call'
     # /usr/local/bundle/gems/rack-test-2.2.0/lib/rack/test.rb:360:in `process_request'
     # /usr/local/bundle/gems/rack-test-2.2.0/lib/rack/test.rb:153:in `request'
     # /usr/local/bundle/gems/actionpack-7.1.6/lib/action_dispatch/testing/integration.rb:288:in `process'
     # /usr/local/bundle/gems/actionpack-7.1.6/lib/action_dispatch/testing/integration.rb:22:in `post'
     # /usr/local/bundle/gems/actionpack-7.1.6/lib/action_dispatch/testing/integration.rb:379:in `post'
     # ./spec/requests/sessions_spec.rb:27:in `block (4 levels) in <top (required)>'
     # /usr/local/bundle/gems/rspec-core-3.13.6/lib/rspec/core/example.rb:263:in `instance_exec'
     # /usr/local/bundle/gems/rspec-core-3.13.6/lib/rspec/core/example.rb:263:in `block in run'
     # /usr/local/bundle/gems/rspec-core-3.13.6/lib/rspec/core/example.rb:511:in `block in with_around_and_singleton_context_hooks'
     # /usr/local/bundle/gems/rspec-core-3.13.6/lib/rspec/core/example.rb:468:in `block in with_around_example_hooks'
     # /usr/local/bundle/gems/rspec-core-3.13.6/lib/rspec/core/hooks.rb:486:in `block in run'
     # /usr/local/bundle/gems/rspec-core-3.13.6/lib/rspec/core/hooks.rb:626:in `block in run_around_example_hooks_for'
     # /usr/local/bundle/gems/rspec-core-3.13.6/lib/rspec/core/example.rb:352:in `call'
     # /usr/local/bundle/gems/rspec-rails-7.1.1/lib/rspec/rails/adapters.rb:75:in `block (2 levels) in <module:MinitestLifecycleAdapter>'
     # /usr/local/bundle/gems/rspec-core-3.13.6/lib/rspec/core/example.rb:457:in `instance_exec'
     # /usr/local/bundle/gems/rspec-core-3.13.6/lib/rspec/core/example.rb:457:in `instance_exec'
     # /usr/local/bundle/gems/rspec-core-3.13.6/lib/rspec/core/hooks.rb:390:in `execute_with'
     # /usr/local/bundle/gems/rspec-core-3.13.6/lib/rspec/core/hooks.rb:628:in `block (2 levels) in run_around_example_hooks_for'
     # /usr/local/bundle/gems/rspec-core-3.13.6/lib/rspec/core/example.rb:352:in `call'
     # ./spec/support/database_cleaner.rb:9:in `block (3 levels) in <main>'
     # /usr/local/bundle/gems/database_cleaner-core-2.1.0/lib/database_cleaner/strategy.rb:30:in `cleaning'
     # /usr/local/lib/ruby/3.2.0/forwardable.rb:240:in `cleaning'
     # /usr/local/bundle/gems/database_cleaner-core-2.1.0/lib/database_cleaner/cleaners.rb:53:in `block (2 levels) in cleaning'
     # /usr/local/bundle/gems/database_cleaner-core-2.1.0/lib/database_cleaner/cleaners.rb:54:in `cleaning'
     # /usr/local/lib/ruby/3.2.0/forwardable.rb:240:in `cleaning'
     # ./spec/support/database_cleaner.rb:8:in `block (2 levels) in <main>'
     # /usr/local/bundle/gems/rspec-core-3.13.6/lib/rspec/core/example.rb:457:in `instance_exec'
     # /usr/local/bundle/gems/rspec-core-3.13.6/lib/rspec/core/example.rb:457:in `instance_exec'
     # /usr/local/bundle/gems/rspec-core-3.13.6/lib/rspec/core/hooks.rb:390:in `execute_with'
     # /usr/local/bundle/gems/rspec-core-3.13.6/lib/rspec/core/hooks.rb:628:in `block (2 levels) in run_around_example_hooks_for'
     # /usr/local/bundle/gems/rspec-core-3.13.6/lib/rspec/core/example.rb:352:in `call'
     # /usr/local/bundle/gems/rspec-core-3.13.6/lib/rspec/core/hooks.rb:629:in `run_around_example_hooks_for'
     # /usr/local/bundle/gems/rspec-core-3.13.6/lib/rspec/core/hooks.rb:486:in `run'
     # /usr/local/bundle/gems/rspec-core-3.13.6/lib/rspec/core/example.rb:468:in `with_around_example_hooks'
     # /usr/local/bundle/gems/rspec-core-3.13.6/lib/rspec/core/example.rb:511:in `with_around_and_singleton_context_hooks'
     # /usr/local/bundle/gems/rspec-core-3.13.6/lib/rspec/core/example.rb:259:in `run'
     # /usr/local/bundle/gems/rspec-core-3.13.6/lib/rspec/core/example_group.rb:653:in `block in run_examples'
     # /usr/local/bundle/gems/rspec-core-3.13.6/lib/rspec/core/example_group.rb:649:in `map'
     # /usr/local/bundle/gems/rspec-core-3.13.6/lib/rspec/core/example_group.rb:649:in `run_examples'
     # /usr/local/bundle/gems/rspec-core-3.13.6/lib/rspec/core/example_group.rb:614:in `run'
     # /usr/local/bundle/gems/rspec-core-3.13.6/lib/rspec/core/example_group.rb:615:in `block in run'
     # /usr/local/bundle/gems/rspec-core-3.13.6/lib/rspec/core/example_group.rb:615:in `map'
     # /usr/local/bundle/gems/rspec-core-3.13.6/lib/rspec/core/example_group.rb:615:in `run'
     # /usr/local/bundle/gems/rspec-core-3.13.6/lib/rspec/core/example_group.rb:615:in `block in run'
     # /usr/local/bundle/gems/rspec-core-3.13.6/lib/rspec/core/example_group.rb:615:in `map'
     # /usr/local/bundle/gems/rspec-core-3.13.6/lib/rspec/core/example_group.rb:615:in `run'
     # /usr/local/bundle/gems/rspec-core-3.13.6/lib/rspec/core/runner.rb:121:in `block (3 levels) in run_specs'
     # /usr/local/bundle/gems/rspec-core-3.13.6/lib/rspec/core/runner.rb:121:in `map'
     # /usr/local/bundle/gems/rspec-core-3.13.6/lib/rspec/core/runner.rb:121:in `block (2 levels) in run_specs'
     # /usr/local/bundle/gems/rspec-core-3.13.6/lib/rspec/core/configuration.rb:2097:in `with_suite_hooks'
     # /usr/local/bundle/gems/rspec-core-3.13.6/lib/rspec/core/runner.rb:116:in `block in run_specs'
     # /usr/local/bundle/gems/rspec-core-3.13.6/lib/rspec/core/reporter.rb:74:in `report'
     # /usr/local/bundle/gems/rspec-core-3.13.6/lib/rspec/core/runner.rb:115:in `run_specs'
     # /usr/local/bundle/gems/rspec-core-3.13.6/lib/rspec/core/runner.rb:89:in `run'
     # /usr/local/bundle/gems/rspec-core-3.13.6/lib/rspec/core/runner.rb:71:in `run'
     # /usr/local/bundle/gems/rspec-core-3.13.6/lib/rspec/core/runner.rb:45:in `invoke'
     # /usr/local/bundle/gems/rspec-core-3.13.6/exe/rspec:4:in `<top (required)>'
     # /usr/local/bundle/bin/rspec:25:in `load'
     # /usr/local/bundle/bin/rspec:25:in `<top (required)>'
     # /usr/local/lib/ruby/3.2.0/bundler/cli/exec.rb:58:in `load'
     # /usr/local/lib/ruby/3.2.0/bundler/cli/exec.rb:58:in `kernel_load'
     # /usr/local/lib/ruby/3.2.0/bundler/cli/exec.rb:23:in `run'
     # /usr/local/lib/ruby/3.2.0/bundler/cli.rb:492:in `exec'
     # /usr/local/lib/ruby/3.2.0/bundler/vendor/thor/lib/thor/command.rb:27:in `run'
     # /usr/local/lib/ruby/3.2.0/bundler/vendor/thor/lib/thor/invocation.rb:127:in `invoke_command'
     # /usr/local/lib/ruby/3.2.0/bundler/vendor/thor/lib/thor.rb:392:in `dispatch'
     # /usr/local/lib/ruby/3.2.0/bundler/cli.rb:34:in `dispatch'
     # /usr/local/lib/ruby/3.2.0/bundler/vendor/thor/lib/thor/base.rb:485:in `start'
     # /usr/local/lib/ruby/3.2.0/bundler/cli.rb:28:in `start'
     # /usr/local/lib/ruby/gems/3.2.0/gems/bundler-2.4.19/libexec/bundle:37:in `block in <top (required)>'
     # /usr/local/lib/ruby/3.2.0/bundler/friendly_errors.rb:117:in `with_friendly_errors'
     # /usr/local/lib/ruby/gems/3.2.0/gems/bundler-2.4.19/libexec/bundle:29:in `<top (required)>'
     # /usr/local/bin/bundle:25:in `load'
     # /usr/local/bin/bundle:25:in `<main>'

  3) Sessions POST /login 存在しないメールアドレスの場合 ログインに失敗する
     Failure/Error:
       post login_path, params: {
         email: "nothing@example.com",
         password: "password"
       }

     ArgumentError:
       unknown keyword: quirks_mode
     # /usr/local/bundle/gems/json-3.0.2/lib/json/common.rb:382:in `generate'
     # /usr/local/bundle/gems/json-3.0.2/lib/json/common.rb:382:in `generate'
     # /usr/local/bundle/gems/activesupport-7.1.6/lib/active_support/json/encoding.rb:92:in `stringify'
     # /usr/local/bundle/gems/activesupport-7.1.6/lib/active_support/json/encoding.rb:41:in `encode'
     # /usr/local/bundle/gems/activesupport-7.1.6/lib/active_support/json/encoding.rb:23:in `encode'
     # /usr/local/bundle/gems/activesupport-7.1.6/lib/active_support/messages/serializer_with_fallback.rb:87:in `dump'
     # /usr/local/bundle/gems/actionpack-7.1.6/lib/action_dispatch/middleware/cookies.rb:592:in `commit'
     # /usr/local/bundle/gems/actionpack-7.1.6/lib/action_dispatch/middleware/cookies.rb:677:in `commit'
     # /usr/local/bundle/gems/actionpack-7.1.6/lib/action_dispatch/middleware/cookies.rb:515:in `[]='
     # /usr/local/bundle/gems/actionpack-7.1.6/lib/action_dispatch/middleware/session/cookie_store.rb:116:in `set_cookie'
     # /usr/local/bundle/gems/rack-session-2.1.2/lib/rack/session/abstract/id.rb:411:in `commit_session'
     # /usr/local/bundle/gems/actionpack-7.1.6/lib/action_dispatch/middleware/session/abstract_store.rb:72:in `commit_session'
     # /usr/local/bundle/gems/rack-session-2.1.2/lib/rack/session/abstract/id.rb:276:in `context'
     # /usr/local/bundle/gems/rack-session-2.1.2/lib/rack/session/abstract/id.rb:268:in `call'
     # /usr/local/bundle/gems/actionpack-7.1.6/lib/action_dispatch/middleware/cookies.rb:689:in `call'
     # /usr/local/bundle/gems/actionpack-7.1.6/lib/action_dispatch/middleware/callbacks.rb:29:in `block in call'
     # /usr/local/bundle/gems/activesupport-7.1.6/lib/active_support/callbacks.rb:101:in `run_callbacks'
     # /usr/local/bundle/gems/actionpack-7.1.6/lib/action_dispatch/middleware/callbacks.rb:28:in `call'
     # /usr/local/bundle/gems/actionpack-7.1.6/lib/action_dispatch/middleware/actionable_exceptions.rb:16:in `call'
     # /usr/local/bundle/gems/actionpack-7.1.6/lib/action_dispatch/middleware/debug_exceptions.rb:29:in `call'
     # /usr/local/bundle/gems/actionpack-7.1.6/lib/action_dispatch/middleware/show_exceptions.rb:31:in `call'
     # /usr/local/bundle/gems/railties-7.1.6/lib/rails/rack/logger.rb:37:in `call_app'
     # /usr/local/bundle/gems/railties-7.1.6/lib/rails/rack/logger.rb:24:in `block in call'
     # /usr/local/bundle/gems/activesupport-7.1.6/lib/active_support/tagged_logging.rb:139:in `block in tagged'
     # /usr/local/bundle/gems/activesupport-7.1.6/lib/active_support/tagged_logging.rb:39:in `tagged'
     # /usr/local/bundle/gems/activesupport-7.1.6/lib/active_support/tagged_logging.rb:139:in `tagged'
     # /usr/local/bundle/gems/activesupport-7.1.6/lib/active_support/broadcast_logger.rb:241:in `method_missing'
     # /usr/local/bundle/gems/railties-7.1.6/lib/rails/rack/logger.rb:24:in `call'
     # /usr/local/bundle/gems/actionpack-7.1.6/lib/action_dispatch/middleware/remote_ip.rb:92:in `call'
     # /usr/local/bundle/gems/actionpack-7.1.6/lib/action_dispatch/middleware/request_id.rb:28:in `call'
     # /usr/local/bundle/gems/rack-3.2.7/lib/rack/method_override.rb:28:in `call'
     # /usr/local/bundle/gems/rack-3.2.7/lib/rack/runtime.rb:24:in `call'
     # /usr/local/bundle/gems/activesupport-7.1.6/lib/active_support/cache/strategy/local_cache_middleware.rb:29:in `call'
     # /usr/local/bundle/gems/actionpack-7.1.6/lib/action_dispatch/middleware/executor.rb:14:in `call'
     # /usr/local/bundle/gems/actionpack-7.1.6/lib/action_dispatch/middleware/static.rb:25:in `call'
     # /usr/local/bundle/gems/rack-3.2.7/lib/rack/sendfile.rb:131:in `call'
     # /usr/local/bundle/gems/railties-7.1.6/lib/rails/engine.rb:536:in `call'
     # /usr/local/bundle/gems/rack-test-2.2.0/lib/rack/test.rb:360:in `process_request'
     # /usr/local/bundle/gems/rack-test-2.2.0/lib/rack/test.rb:153:in `request'
     # /usr/local/bundle/gems/actionpack-7.1.6/lib/action_dispatch/testing/integration.rb:288:in `process'
     # /usr/local/bundle/gems/actionpack-7.1.6/lib/action_dispatch/testing/integration.rb:22:in `post'
     # /usr/local/bundle/gems/actionpack-7.1.6/lib/action_dispatch/testing/integration.rb:379:in `post'
     # ./spec/requests/sessions_spec.rb:38:in `block (4 levels) in <top (required)>'
     # /usr/local/bundle/gems/rspec-core-3.13.6/lib/rspec/core/example.rb:263:in `instance_exec'
     # /usr/local/bundle/gems/rspec-core-3.13.6/lib/rspec/core/example.rb:263:in `block in run'
     # /usr/local/bundle/gems/rspec-core-3.13.6/lib/rspec/core/example.rb:511:in `block in with_around_and_singleton_context_hooks'
     # /usr/local/bundle/gems/rspec-core-3.13.6/lib/rspec/core/example.rb:468:in `block in with_around_example_hooks'
     # /usr/local/bundle/gems/rspec-core-3.13.6/lib/rspec/core/hooks.rb:486:in `block in run'
     # /usr/local/bundle/gems/rspec-core-3.13.6/lib/rspec/core/hooks.rb:626:in `block in run_around_example_hooks_for'
     # /usr/local/bundle/gems/rspec-core-3.13.6/lib/rspec/core/example.rb:352:in `call'
     # /usr/local/bundle/gems/rspec-rails-7.1.1/lib/rspec/rails/adapters.rb:75:in `block (2 levels) in <module:MinitestLifecycleAdapter>'
     # /usr/local/bundle/gems/rspec-core-3.13.6/lib/rspec/core/example.rb:457:in `instance_exec'
     # /usr/local/bundle/gems/rspec-core-3.13.6/lib/rspec/core/example.rb:457:in `instance_exec'
     # /usr/local/bundle/gems/rspec-core-3.13.6/lib/rspec/core/hooks.rb:390:in `execute_with'
     # /usr/local/bundle/gems/rspec-core-3.13.6/lib/rspec/core/hooks.rb:628:in `block (2 levels) in run_around_example_hooks_for'
     # /usr/local/bundle/gems/rspec-core-3.13.6/lib/rspec/core/example.rb:352:in `call'
     # ./spec/support/database_cleaner.rb:9:in `block (3 levels) in <main>'
     # /usr/local/bundle/gems/database_cleaner-core-2.1.0/lib/database_cleaner/strategy.rb:30:in `cleaning'
     # /usr/local/lib/ruby/3.2.0/forwardable.rb:240:in `cleaning'
     # /usr/local/bundle/gems/database_cleaner-core-2.1.0/lib/database_cleaner/cleaners.rb:53:in `block (2 levels) in cleaning'
     # /usr/local/bundle/gems/database_cleaner-core-2.1.0/lib/database_cleaner/cleaners.rb:54:in `cleaning'
     # /usr/local/lib/ruby/3.2.0/forwardable.rb:240:in `cleaning'
     # ./spec/support/database_cleaner.rb:8:in `block (2 levels) in <main>'
     # /usr/local/bundle/gems/rspec-core-3.13.6/lib/rspec/core/example.rb:457:in `instance_exec'
     # /usr/local/bundle/gems/rspec-core-3.13.6/lib/rspec/core/example.rb:457:in `instance_exec'
     # /usr/local/bundle/gems/rspec-core-3.13.6/lib/rspec/core/hooks.rb:390:in `execute_with'
     # /usr/local/bundle/gems/rspec-core-3.13.6/lib/rspec/core/hooks.rb:628:in `block (2 levels) in run_around_example_hooks_for'
     # /usr/local/bundle/gems/rspec-core-3.13.6/lib/rspec/core/example.rb:352:in `call'
     # /usr/local/bundle/gems/rspec-core-3.13.6/lib/rspec/core/hooks.rb:629:in `run_around_example_hooks_for'
     # /usr/local/bundle/gems/rspec-core-3.13.6/lib/rspec/core/hooks.rb:486:in `run'
     # /usr/local/bundle/gems/rspec-core-3.13.6/lib/rspec/core/example.rb:468:in `with_around_example_hooks'
     # /usr/local/bundle/gems/rspec-core-3.13.6/lib/rspec/core/example.rb:511:in `with_around_and_singleton_context_hooks'
     # /usr/local/bundle/gems/rspec-core-3.13.6/lib/rspec/core/example.rb:259:in `run'
     # /usr/local/bundle/gems/rspec-core-3.13.6/lib/rspec/core/example_group.rb:653:in `block in run_examples'
     # /usr/local/bundle/gems/rspec-core-3.13.6/lib/rspec/core/example_group.rb:649:in `map'
     # /usr/local/bundle/gems/rspec-core-3.13.6/lib/rspec/core/example_group.rb:649:in `run_examples'
     # /usr/local/bundle/gems/rspec-core-3.13.6/lib/rspec/core/example_group.rb:614:in `run'
     # /usr/local/bundle/gems/rspec-core-3.13.6/lib/rspec/core/example_group.rb:615:in `block in run'
     # /usr/local/bundle/gems/rspec-core-3.13.6/lib/rspec/core/example_group.rb:615:in `map'
     # /usr/local/bundle/gems/rspec-core-3.13.6/lib/rspec/core/example_group.rb:615:in `run'
     # /usr/local/bundle/gems/rspec-core-3.13.6/lib/rspec/core/example_group.rb:615:in `block in run'
     # /usr/local/bundle/gems/rspec-core-3.13.6/lib/rspec/core/example_group.rb:615:in `map'
     # /usr/local/bundle/gems/rspec-core-3.13.6/lib/rspec/core/example_group.rb:615:in `run'
     # /usr/local/bundle/gems/rspec-core-3.13.6/lib/rspec/core/runner.rb:121:in `block (3 levels) in run_specs'
     # /usr/local/bundle/gems/rspec-core-3.13.6/lib/rspec/core/runner.rb:121:in `map'
     # /usr/local/bundle/gems/rspec-core-3.13.6/lib/rspec/core/runner.rb:121:in `block (2 levels) in run_specs'
     # /usr/local/bundle/gems/rspec-core-3.13.6/lib/rspec/core/configuration.rb:2097:in `with_suite_hooks'
     # /usr/local/bundle/gems/rspec-core-3.13.6/lib/rspec/core/runner.rb:116:in `block in run_specs'
     # /usr/local/bundle/gems/rspec-core-3.13.6/lib/rspec/core/reporter.rb:74:in `report'
     # /usr/local/bundle/gems/rspec-core-3.13.6/lib/rspec/core/runner.rb:115:in `run_specs'
     # /usr/local/bundle/gems/rspec-core-3.13.6/lib/rspec/core/runner.rb:89:in `run'
     # /usr/local/bundle/gems/rspec-core-3.13.6/lib/rspec/core/runner.rb:71:in `run'
     # /usr/local/bundle/gems/rspec-core-3.13.6/lib/rspec/core/runner.rb:45:in `invoke'
     # /usr/local/bundle/gems/rspec-core-3.13.6/exe/rspec:4:in `<top (required)>'
     # /usr/local/bundle/bin/rspec:25:in `load'
     # /usr/local/bundle/bin/rspec:25:in `<top (required)>'
     # /usr/local/lib/ruby/3.2.0/bundler/cli/exec.rb:58:in `load'
     # /usr/local/lib/ruby/3.2.0/bundler/cli/exec.rb:58:in `kernel_load'
     # /usr/local/lib/ruby/3.2.0/bundler/cli/exec.rb:23:in `run'
     # /usr/local/lib/ruby/3.2.0/bundler/cli.rb:492:in `exec'
     # /usr/local/lib/ruby/3.2.0/bundler/vendor/thor/lib/thor/command.rb:27:in `run'
     # /usr/local/lib/ruby/3.2.0/bundler/vendor/thor/lib/thor/invocation.rb:127:in `invoke_command'
     # /usr/local/lib/ruby/3.2.0/bundler/vendor/thor/lib/thor.rb:392:in `dispatch'
     # /usr/local/lib/ruby/3.2.0/bundler/cli.rb:34:in `dispatch'
     # /usr/local/lib/ruby/3.2.0/bundler/vendor/thor/lib/thor/base.rb:485:in `start'
     # /usr/local/lib/ruby/3.2.0/bundler/cli.rb:28:in `start'
     # /usr/local/lib/ruby/gems/3.2.0/gems/bundler-2.4.19/libexec/bundle:37:in `block in <top (required)>'
     # /usr/local/lib/ruby/3.2.0/bundler/friendly_errors.rb:117:in `with_friendly_errors'
     # /usr/local/lib/ruby/gems/3.2.0/gems/bundler-2.4.19/libexec/bundle:29:in `<top (required)>'
     # /usr/local/bin/bundle:25:in `load'
     # /usr/local/bin/bundle:25:in `<main>'

  4) Sessions GET /logout ログアウトできる
     Failure/Error: get logout_path

     ArgumentError:
       unknown keyword: quirks_mode
     # /usr/local/bundle/gems/json-3.0.2/lib/json/common.rb:382:in `generate'
     # /usr/local/bundle/gems/json-3.0.2/lib/json/common.rb:382:in `generate'
     # /usr/local/bundle/gems/activesupport-7.1.6/lib/active_support/json/encoding.rb:92:in `stringify'
     # /usr/local/bundle/gems/activesupport-7.1.6/lib/active_support/json/encoding.rb:41:in `encode'
     # /usr/local/bundle/gems/activesupport-7.1.6/lib/active_support/json/encoding.rb:23:in `encode'
     # /usr/local/bundle/gems/activesupport-7.1.6/lib/active_support/messages/serializer_with_fallback.rb:87:in `dump'
     # /usr/local/bundle/gems/actionpack-7.1.6/lib/action_dispatch/middleware/cookies.rb:592:in `commit'
     # /usr/local/bundle/gems/actionpack-7.1.6/lib/action_dispatch/middleware/cookies.rb:677:in `commit'
     # /usr/local/bundle/gems/actionpack-7.1.6/lib/action_dispatch/middleware/cookies.rb:515:in `[]='
     # /usr/local/bundle/gems/actionpack-7.1.6/lib/action_dispatch/middleware/session/cookie_store.rb:116:in `set_cookie'
     # /usr/local/bundle/gems/rack-session-2.1.2/lib/rack/session/abstract/id.rb:411:in `commit_session'
     # /usr/local/bundle/gems/actionpack-7.1.6/lib/action_dispatch/middleware/session/abstract_store.rb:72:in `commit_session'
     # /usr/local/bundle/gems/rack-session-2.1.2/lib/rack/session/abstract/id.rb:276:in `context'
     # /usr/local/bundle/gems/rack-session-2.1.2/lib/rack/session/abstract/id.rb:268:in `call'
     # /usr/local/bundle/gems/actionpack-7.1.6/lib/action_dispatch/middleware/cookies.rb:689:in `call'
     # /usr/local/bundle/gems/actionpack-7.1.6/lib/action_dispatch/middleware/callbacks.rb:29:in `block in call'
     # /usr/local/bundle/gems/activesupport-7.1.6/lib/active_support/callbacks.rb:101:in `run_callbacks'
     # /usr/local/bundle/gems/actionpack-7.1.6/lib/action_dispatch/middleware/callbacks.rb:28:in `call'
     # /usr/local/bundle/gems/actionpack-7.1.6/lib/action_dispatch/middleware/actionable_exceptions.rb:16:in `call'
     # /usr/local/bundle/gems/actionpack-7.1.6/lib/action_dispatch/middleware/debug_exceptions.rb:29:in `call'
     # /usr/local/bundle/gems/actionpack-7.1.6/lib/action_dispatch/middleware/show_exceptions.rb:31:in `call'
     # /usr/local/bundle/gems/railties-7.1.6/lib/rails/rack/logger.rb:37:in `call_app'
     # /usr/local/bundle/gems/railties-7.1.6/lib/rails/rack/logger.rb:24:in `block in call'
     # /usr/local/bundle/gems/activesupport-7.1.6/lib/active_support/tagged_logging.rb:139:in `block in tagged'
     # /usr/local/bundle/gems/activesupport-7.1.6/lib/active_support/tagged_logging.rb:39:in `tagged'
     # /usr/local/bundle/gems/activesupport-7.1.6/lib/active_support/tagged_logging.rb:139:in `tagged'
     # /usr/local/bundle/gems/activesupport-7.1.6/lib/active_support/broadcast_logger.rb:241:in `method_missing'
     # /usr/local/bundle/gems/railties-7.1.6/lib/rails/rack/logger.rb:24:in `call'
     # /usr/local/bundle/gems/actionpack-7.1.6/lib/action_dispatch/middleware/remote_ip.rb:92:in `call'
     # /usr/local/bundle/gems/actionpack-7.1.6/lib/action_dispatch/middleware/request_id.rb:28:in `call'
     # /usr/local/bundle/gems/rack-3.2.7/lib/rack/method_override.rb:28:in `call'
     # /usr/local/bundle/gems/rack-3.2.7/lib/rack/runtime.rb:24:in `call'
     # /usr/local/bundle/gems/activesupport-7.1.6/lib/active_support/cache/strategy/local_cache_middleware.rb:29:in `call'
     # /usr/local/bundle/gems/actionpack-7.1.6/lib/action_dispatch/middleware/executor.rb:14:in `call'
     # /usr/local/bundle/gems/actionpack-7.1.6/lib/action_dispatch/middleware/static.rb:25:in `call'
     # /usr/local/bundle/gems/rack-3.2.7/lib/rack/sendfile.rb:131:in `call'
     # /usr/local/bundle/gems/railties-7.1.6/lib/rails/engine.rb:536:in `call'
     # /usr/local/bundle/gems/rack-test-2.2.0/lib/rack/test.rb:360:in `process_request'
     # /usr/local/bundle/gems/rack-test-2.2.0/lib/rack/test.rb:153:in `request'
     # /usr/local/bundle/gems/actionpack-7.1.6/lib/action_dispatch/testing/integration.rb:288:in `process'
     # /usr/local/bundle/gems/actionpack-7.1.6/lib/action_dispatch/testing/integration.rb:16:in `get'
     # /usr/local/bundle/gems/actionpack-7.1.6/lib/action_dispatch/testing/integration.rb:379:in `get'
     # ./spec/requests/sessions_spec.rb:50:in `block (3 levels) in <top (required)>'
     # /usr/local/bundle/gems/rspec-core-3.13.6/lib/rspec/core/example.rb:263:in `instance_exec'
     # /usr/local/bundle/gems/rspec-core-3.13.6/lib/rspec/core/example.rb:263:in `block in run'
     # /usr/local/bundle/gems/rspec-core-3.13.6/lib/rspec/core/example.rb:511:in `block in with_around_and_singleton_context_hooks'
     # /usr/local/bundle/gems/rspec-core-3.13.6/lib/rspec/core/example.rb:468:in `block in with_around_example_hooks'
     # /usr/local/bundle/gems/rspec-core-3.13.6/lib/rspec/core/hooks.rb:486:in `block in run'
     # /usr/local/bundle/gems/rspec-core-3.13.6/lib/rspec/core/hooks.rb:626:in `block in run_around_example_hooks_for'
     # /usr/local/bundle/gems/rspec-core-3.13.6/lib/rspec/core/example.rb:352:in `call'
     # /usr/local/bundle/gems/rspec-rails-7.1.1/lib/rspec/rails/adapters.rb:75:in `block (2 levels) in <module:MinitestLifecycleAdapter>'
     # /usr/local/bundle/gems/rspec-core-3.13.6/lib/rspec/core/example.rb:457:in `instance_exec'
     # /usr/local/bundle/gems/rspec-core-3.13.6/lib/rspec/core/example.rb:457:in `instance_exec'
     # /usr/local/bundle/gems/rspec-core-3.13.6/lib/rspec/core/hooks.rb:390:in `execute_with'
     # /usr/local/bundle/gems/rspec-core-3.13.6/lib/rspec/core/hooks.rb:628:in `block (2 levels) in run_around_example_hooks_for'
     # /usr/local/bundle/gems/rspec-core-3.13.6/lib/rspec/core/example.rb:352:in `call'
     # ./spec/support/database_cleaner.rb:9:in `block (3 levels) in <main>'
     # /usr/local/bundle/gems/database_cleaner-core-2.1.0/lib/database_cleaner/strategy.rb:30:in `cleaning'
     # /usr/local/lib/ruby/3.2.0/forwardable.rb:240:in `cleaning'
     # /usr/local/bundle/gems/database_cleaner-core-2.1.0/lib/database_cleaner/cleaners.rb:53:in `block (2 levels) in cleaning'
     # /usr/local/bundle/gems/database_cleaner-core-2.1.0/lib/database_cleaner/cleaners.rb:54:in `cleaning'
     # /usr/local/lib/ruby/3.2.0/forwardable.rb:240:in `cleaning'
     # ./spec/support/database_cleaner.rb:8:in `block (2 levels) in <main>'
     # /usr/local/bundle/gems/rspec-core-3.13.6/lib/rspec/core/example.rb:457:in `instance_exec'
     # /usr/local/bundle/gems/rspec-core-3.13.6/lib/rspec/core/example.rb:457:in `instance_exec'
     # /usr/local/bundle/gems/rspec-core-3.13.6/lib/rspec/core/hooks.rb:390:in `execute_with'
     # /usr/local/bundle/gems/rspec-core-3.13.6/lib/rspec/core/hooks.rb:628:in `block (2 levels) in run_around_example_hooks_for'
     # /usr/local/bundle/gems/rspec-core-3.13.6/lib/rspec/core/example.rb:352:in `call'
     # /usr/local/bundle/gems/rspec-core-3.13.6/lib/rspec/core/hooks.rb:629:in `run_around_example_hooks_for'
     # /usr/local/bundle/gems/rspec-core-3.13.6/lib/rspec/core/hooks.rb:486:in `run'
     # /usr/local/bundle/gems/rspec-core-3.13.6/lib/rspec/core/example.rb:468:in `with_around_example_hooks'
     # /usr/local/bundle/gems/rspec-core-3.13.6/lib/rspec/core/example.rb:511:in `with_around_and_singleton_context_hooks'
     # /usr/local/bundle/gems/rspec-core-3.13.6/lib/rspec/core/example.rb:259:in `run'
     # /usr/local/bundle/gems/rspec-core-3.13.6/lib/rspec/core/example_group.rb:653:in `block in run_examples'
     # /usr/local/bundle/gems/rspec-core-3.13.6/lib/rspec/core/example_group.rb:649:in `map'
     # /usr/local/bundle/gems/rspec-core-3.13.6/lib/rspec/core/example_group.rb:649:in `run_examples'
     # /usr/local/bundle/gems/rspec-core-3.13.6/lib/rspec/core/example_group.rb:614:in `run'
     # /usr/local/bundle/gems/rspec-core-3.13.6/lib/rspec/core/example_group.rb:615:in `block in run'
     # /usr/local/bundle/gems/rspec-core-3.13.6/lib/rspec/core/example_group.rb:615:in `map'
     # /usr/local/bundle/gems/rspec-core-3.13.6/lib/rspec/core/example_group.rb:615:in `run'
     # /usr/local/bundle/gems/rspec-core-3.13.6/lib/rspec/core/runner.rb:121:in `block (3 levels) in run_specs'
     # /usr/local/bundle/gems/rspec-core-3.13.6/lib/rspec/core/runner.rb:121:in `map'
     # /usr/local/bundle/gems/rspec-core-3.13.6/lib/rspec/core/runner.rb:121:in `block (2 levels) in run_specs'
     # /usr/local/bundle/gems/rspec-core-3.13.6/lib/rspec/core/configuration.rb:2097:in `with_suite_hooks'
     # /usr/local/bundle/gems/rspec-core-3.13.6/lib/rspec/core/runner.rb:116:in `block in run_specs'
     # /usr/local/bundle/gems/rspec-core-3.13.6/lib/rspec/core/reporter.rb:74:in `report'
     # /usr/local/bundle/gems/rspec-core-3.13.6/lib/rspec/core/runner.rb:115:in `run_specs'
     # /usr/local/bundle/gems/rspec-core-3.13.6/lib/rspec/core/runner.rb:89:in `run'
     # /usr/local/bundle/gems/rspec-core-3.13.6/lib/rspec/core/runner.rb:71:in `run'
     # /usr/local/bundle/gems/rspec-core-3.13.6/lib/rspec/core/runner.rb:45:in `invoke'
     # /usr/local/bundle/gems/rspec-core-3.13.6/exe/rspec:4:in `<top (required)>'
     # /usr/local/bundle/bin/rspec:25:in `load'
     # /usr/local/bundle/bin/rspec:25:in `<top (required)>'
     # /usr/local/lib/ruby/3.2.0/bundler/cli/exec.rb:58:in `load'
     # /usr/local/lib/ruby/3.2.0/bundler/cli/exec.rb:58:in `kernel_load'
     # /usr/local/lib/ruby/3.2.0/bundler/cli/exec.rb:23:in `run'
     # /usr/local/lib/ruby/3.2.0/bundler/cli.rb:492:in `exec'
     # /usr/local/lib/ruby/3.2.0/bundler/vendor/thor/lib/thor/command.rb:27:in `run'
     # /usr/local/lib/ruby/3.2.0/bundler/vendor/thor/lib/thor/invocation.rb:127:in `invoke_command'
     # /usr/local/lib/ruby/3.2.0/bundler/vendor/thor/lib/thor.rb:392:in `dispatch'
     # /usr/local/lib/ruby/3.2.0/bundler/cli.rb:34:in `dispatch'
     # /usr/local/lib/ruby/3.2.0/bundler/vendor/thor/lib/thor/base.rb:485:in `start'
     # /usr/local/lib/ruby/3.2.0/bundler/cli.rb:28:in `start'
     # /usr/local/lib/ruby/gems/3.2.0/gems/bundler-2.4.19/libexec/bundle:37:in `block in <top (required)>'
     # /usr/local/lib/ruby/3.2.0/bundler/friendly_errors.rb:117:in `with_friendly_errors'
     # /usr/local/lib/ruby/gems/3.2.0/gems/bundler-2.4.19/libexec/bundle:29:in `<top (required)>'
     # /usr/local/bin/bundle:25:in `load'
     # /usr/local/bin/bundle:25:in `<main>'

Finished in 0.25827 seconds (files took 0.96421 seconds to load)
4 examples, 4 failures

Failed examples:

rspec ./spec/requests/sessions_spec.rb:15 # Sessions POST /login 正しい情報の場合 ログインに成功する
rspec ./spec/requests/sessions_spec.rb:26 # Sessions POST /login パスワードが間違っている場合 ログインに失敗する
rspec ./spec/requests/sessions_spec.rb:37 # Sessions POST /login 存在しないメールアドレスの場合 ログインに失敗する
rspec ./spec/requests/sessions_spec.rb:49 # Sessions GET /logout ログアウトできる

